I'm sorry, but errors were detected in your script. Please correct the
errors listed below, and try again.


File "game/script.rpy", line 115: invalid syntax
                "Волшебники могут манипулировать элементами природы, вызывая дождь, создавая огонь, контролируя воздух или даже изменяя землю."
                 ^

Ren'Py Version: Ren'Py 8.2.0.24012702
Sat May 18 13:22:01 2024
